 
****************************************
Report : power
        -analysis_effort low
Design : top_soc
Version: V-2023.12-SP4
Date   : Fri Apr 17 12:49:43 2026
****************************************


Library(s) Used:

    saed14rvt_dlvl_ff0p715v125c_i0p88v (File: /home/synopsys/installs/LIBRARIES/SAED14_EDK/SAED14nm_EDK_STD_RVT/liberty/nldm/dlvl/saed14rvt_dlvl_ff0p715v125c_i0p88v.db)
    saed14rvt_ulvl_ff0p88v125c_i0p715v (File: /home/synopsys/installs/LIBRARIES/SAED14_EDK/SAED14nm_EDK_STD_RVT/liberty/nldm/ulvl/saed14rvt_ulvl_ff0p88v125c_i0p715v.db)
    saed14rvt_base_ff0p715v125c (File: /home/synopsys/installs/LIBRARIES/SAED14_EDK/SAED14nm_EDK_STD_RVT/liberty/nldm/base/saed14rvt_base_ff0p715v125c.db)


Global Operating Voltage = 0.715
Power-specific unit information :
    Voltage Units = 1V
    Capacitance Units = 1.000000pf
    Time Units = 1ns
    Dynamic Power Units = 1mW    (derived from V,C,T units)
    Leakage Power Units = 1pW


Attributes
----------
i - Including register clock pin internal power


  Cell Internal Power  =  73.3704 uW   (33%)
  Net Switching Power  = 145.9685 uW   (67%)
                         ---------
Total Dynamic Power    = 219.3389 uW  (100%)

Cell Leakage Power     =  22.4069 uW


                 Internal         Switching           Leakage            Total
Power Group      Power            Power               Power              Power   (   %    )  Attrs
--------------------------------------------------------------------------------------------------
io_pad             0.0000            0.0000            0.0000            0.0000  (   0.00%)
memory             0.0000            0.0000            0.0000            0.0000  (   0.00%)
black_box          0.0000            0.0000            0.0000            0.0000  (   0.00%)
clock_network  3.6945e-02            0.0000            0.0000        3.6945e-02  (  15.28%)  i
register       1.3957e-03        3.5948e-03        1.4526e+06        6.4431e-03  (   2.67%)
sequential         0.0000            0.0000            0.0000            0.0000  (   0.00%)
combinational  3.5030e-02            0.1424        2.0954e+07            0.1984  (  82.05%)
--------------------------------------------------------------------------------------------------
Total          7.3370e-02 mW         0.1460 mW     2.2407e+07 pW         0.2417 mW
1
